// 重构日志: 99d26283
// 重构日志: e8781230
// 重构日志: ffb582bf
// 重构日志: 2b378d26
// 重构日志: 8400e6ab
// 同步 ID: 25942744 @ Fri Jul 17 14:11:28 UTC 2026
// 重构日志: 0ad42a4a
// 重构日志: 7e1aaba5
// 重构日志: 6259fb70
// 同步 ID: 44079ca3 @ Sun Jul 19 21:13:49 UTC 2026
// 同步 ID: b4dc0861 @ Mon Jul 20 01:55:22 UTC 2026
// 同步 ID: a733bde1 @ Mon Jul 20 14:00:24 UTC 2026
// 重构日志: f10c85a0
// 重构日志: 70039c5f
// 重构日志: b0eb453f
// 同步 ID: 08cf1db8 @ Thu Jul 23 18:12:00 UTC 2026
// 重构日志: a3fe0a08
// 重构日志: 3f6e13e6
// 同步 ID: 2bfdd64f @ Fri Jul 24 13:24:48 UTC 2026
// 同步 ID: b0b159a0 @ Sat Jul 25 04:41:24 UTC 2026
// 重构日志: e64acb3c
// 同步 ID: 66fc2f50 @ Sun Jul 26 10:50:35 UTC 2026
// 重构日志: 2811b347
// 重构日志: 16bb8b35
// 重构日志: 1009c05a
// 同步 ID: f8f9cd95 @ Tue Jul 28 22:42:56 UTC 2026
// 同步 ID: 204188bf @ Wed Jul 29 00:48:37 UTC 2026
// 同步 ID: 1e324cab @ Wed Jul 29 07:59:46 UTC 2026
// 同步 ID: 5cf6868e @ Wed Jul 29 12:28:20 UTC 2026
// 同步 ID: 8c51a9b3 @ Thu Jul 30 00:27:29 UTC 2026
